// Jest Snapshot v1, https://goo.gl/fbAQLP

exports[`app should take a snapshot 1`] = `
<DocumentFragment>
  <div
    class="App"
  >
    <div>
      404 Error. Page not found
    </div>
  </div>
</DocumentFragment>
`;
